// Jest Snapshot v1, https://goo.gl/fbAQLP

exports[`Registration Should match snapshot 1`] = `"<div class=\\"styled__StRegDiv-dgfw9l-0 egNhFV\\"><div class=\\"styled__StFormDiv-sc-1xa63f-0 eesBZc\\"><p>تحقق في</p><div width=\\"80%\\" height=\\"100px\\" class=\\"styled__StInputContainer-w3ykst-3 emTECj\\"><label for=\\"email\\" class=\\"styled__StLabel-w3ykst-0 gOEYZv\\">تحقق في</label><input type=\\"text\\" id=\\"email\\" name=\\"email\\" value=\\"\\" placeholder=\\"...أدخل بريدك الإلكتروني\\" class=\\"styled__StInput-w3ykst-1 eAZEdV\\"/></div><div width=\\"80%\\" height=\\"100px\\" class=\\"styled__StInputContainer-w3ykst-3 emTECj\\"><label for=\\"password\\" class=\\"styled__StLabel-w3ykst-0 gOEYZv\\">كلمه السر</label><input type=\\"text\\" id=\\"password\\" name=\\"password\\" value=\\"\\" placeholder=\\"...ادخل رقمك السري\\" class=\\"styled__StInput-w3ykst-1 eAZEdV\\"/></div><div width=\\"80%\\" height=\\"100px\\" class=\\"styled__StInputContainer-w3ykst-3 emTECj\\"><label for=\\"confirm\\" class=\\"styled__StLabel-w3ykst-0 gOEYZv\\">التأكيد</label><input type=\\"text\\" id=\\"confirm\\" name=\\"confirm\\" placeholder=\\"...أكد رقمك السري\\" class=\\"styled__StInput-w3ykst-1 eAZEdV\\"/></div><div width=\\"80%\\" height=\\"100px\\" class=\\"styled__StInputContainer-w3ykst-3 emTECj\\"><label for=\\"firstName\\" class=\\"styled__StLabel-w3ykst-0 gOEYZv\\">Имя</label><input type=\\"text\\" id=\\"firstName\\" name=\\"firstName\\" value=\\"\\" placeholder=\\"Введите своё имя...\\" class=\\"styled__StInput-w3ykst-1 eAZEdV\\"/></div><div width=\\"80%\\" height=\\"100px\\" class=\\"styled__StInputContainer-w3ykst-3 emTECj\\"><label for=\\"lastName\\" class=\\"styled__StLabel-w3ykst-0 gOEYZv\\">Фамилия</label><input type=\\"text\\" id=\\"lastName\\" name=\\"lastName\\" value=\\"\\" placeholder=\\"Введите свою фамилию...\\" class=\\"styled__StInput-w3ykst-1 eAZEdV\\"/></div><button id=\\"registration\\" type=\\"button\\" height=\\"50px\\" class=\\"styled__StButton-sc-1a6hck8-0 biUGaX\\">ليأتي</button><span>مسجل بالفعل؟<a aria-current=\\"page\\" class=\\"active\\" href=\\"/\\">انتقل إلى إذن</a></span></div></div>"`;
