// Jest Snapshot v1, https://goo.gl/fbAQLP

exports[`App Should match snapshot 1`] = `"<button id=\\"mock\\" type=\\"submit\\" class=\\"styled__StButton-sc-1a6hck8-0 rdDrX\\">Button</button>"`;
