// Jest Snapshot v1, https://goo.gl/fbAQLP

exports[`Button Should match snapshot 1`] = `"<button id=\\"id\\" type=\\"submit\\" class=\\"styled__StButton-sc-1a6hck8-0 rdDrX\\">Button</button>"`;
